// Jest Snapshot v1, https://goo.gl/fbAQLP

exports[`given: missing data when: I initialize then: error matched snapshot 1`] = `[Error: Dto: gameId must be a string, offenseTeamId must be a string, result must be a string, numberOfPlays must be a number conforming to the specified constraints, yardsGained must be a number conforming to the specified constraints, timeOfPossession must be a number conforming to the specified constraints, awayTeamScore must be a number conforming to the specified constraints, homeTeamScore must be a number conforming to the specified constraints, id must be a string, sequence must be a number string, lastUpdatedBy must be a string, lastUpdateDate must be a string]`;
