// Jest Snapshot v1, https://goo.gl/fbAQLP

exports[`given: missing data when: I initialize then: error matched snapshot 1`] = `[Error: Dto: homeTeamId must be a string, awayTeamId must be a string, period must be a number conforming to the specified constraints, timeRemaining must be a number conforming to the specified constraints, ballOn must be a number conforming to the specified constraints, down must be a number conforming to the specified constraints, distance must be a number conforming to the specified constraints, direction must be a string, offenseTeamId must be a string, actingTeamId must be a string, state must be a string, seed must be a number conforming to the specified constraints, homeTeamScore must be a number conforming to the specified constraints, awayTeamScore must be a number conforming to the specified constraints, id must be a string, sequence must be a number string, lastUpdatedBy must be a string, lastUpdateDate must be a string]`;
