// Jest Snapshot v1, https://goo.gl/fbAQLP

exports[`given: missing data when: I initialize then: error matched snapshot 1`] = `[Error: Dto: stateId must be a string, name must be a string, latitude must be a number conforming to the specified constraints, longitude must be a number conforming to the specified constraints, population must be a number conforming to the specified constraints, timezone must be a string, id must be a string, sequence must be a number string, lastUpdatedBy must be a string, lastUpdateDate must be a string]`;
